// Jest Snapshot v1, https://goo.gl/fbAQLP

exports[`HomeScreen should match a snapshot after adding a new item to the list 1`] = `
<View
  style={
    {
      "borderWidth": 1,
      "flex": 1,
      "flexDirection": "column",
    }
  }
>
  <View
    style={
      {
        "flexBasis": 150,
      }
    }
  >
    <Text
      style={
        {
          "flex": 1,
          "textAlign": "center",
          "textAlignVertical": "center",
        }
      }
    >
      Hello, enter names:
    </Text>
    <TextInput
      onChangeText={[Function]}
      placeholder="Enter name"
      style={
        {
          "borderRadius": 3,
          "borderWidth": 2,
          "flexBasis": 30,
          "margin": 5,
          "padding": 5,
        }
      }
      value=""
    />
    <View
      accessibilityRole="button"
      accessible={true}
      collapsable={false}
      focusable={true}
      onClick={[Function]}
      onResponderGrant={[Function]}
      onResponderMove={[Function]}
      onResponderRelease={[Function]}
      onResponderTerminate={[Function]}
      onResponderTerminationRequest={[Function]}
      onStartShouldSetResponder={[Function]}
      style={
        {
          "opacity": 1,
        }
      }
    >
      <View
        style={
          [
            {},
          ]
        }
      >
        <Text
          style={
            [
              {
                "color": "#007AFF",
                "fontSize": 18,
                "margin": 8,
                "textAlign": "center",
              },
            ]
          }
        >
          Add
        </Text>
      </View>
    </View>
  </View>
  <RCTScrollView
    style={
      {
        "borderWidth": 1,
      }
    }
  >
    <View>
      <View>
        <Text>
          foo
        </Text>
      </View>
    </View>
  </RCTScrollView>
</View>
`;
